============================================================
  Generated by:           Genus(TM) Synthesis Solution 23.15-s099_1
  Generated on:           Aug 27 2026  01:07:04 pm
  Module:                 accelerator_sauria_vgg16_float16_ROWS8_COLS32
  Operating conditions:   NCCOM (balanced_tree)
  Wireload mode:          segmented
  Area mode:              timing library
============================================================

                   Instance                                                                   Module                                                  Cell-Count   Cell-Area  Net-Area   Total-Area      Wireload     
----------------------------------------------------------------------------------------------------------------------------------------------------------------------------------------------------------------------
accelerator_sauria_vgg16_float16_ROWS8_COLS32 NA                                                                                                          816548 3706403.039     0.000  3706403.039 ZeroWireload (S)  
  gen_columns[0].gen_rows[0].pe_i_dut         fpnew_fma_FpFormat2_NumPipeRegs2_PipeConfig3_TagTypetype_$unit_1_logic__AuxTypetype_$unit_1_logic_            1392    4676.040     0.000     4676.040 ZeroWireload (S)  
  gen_columns[0].gen_rows[3].pe_i_dut         fpnew_fma_FpFormat2_NumPipeRegs2_PipeConfig3_TagTypetype_$unit_1_logic__AuxTypetype_$unit_1_logic__3          1541    4721.400     0.000     4721.400 ZeroWireload (S)  
  gen_columns[0].gen_rows[4].pe_i_dut         fpnew_fma_FpFormat2_NumPipeRegs2_PipeConfig3_TagTypetype_$unit_1_logic__AuxTypetype_$unit_1_logic__4          1541    4721.400     0.000     4721.400 ZeroWireload (S)  
  gen_columns[0].gen_rows[5].pe_i_dut         fpnew_fma_FpFormat2_NumPipeRegs2_PipeConfig3_TagTypetype_$unit_1_logic__AuxTypetype_$unit_1_logic__5          1541    4721.400     0.000     4721.400 ZeroWireload (S)  
  gen_columns[0].gen_rows[6].pe_i_dut         fpnew_fma_FpFormat2_NumPipeRegs2_PipeConfig3_TagTypetype_$unit_1_logic__AuxTypetype_$unit_1_logic__6          1541    4721.400     0.000     4721.400 ZeroWireload (S)  
  gen_columns[0].gen_rows[7].pe_i_dut         fpnew_fma_FpFormat2_NumPipeRegs2_PipeConfig3_TagTypetype_$unit_1_logic__AuxTypetype_$unit_1_logic__7          1386    4690.080     0.000     4690.080 ZeroWireload (S)  
  gen_columns[10].gen_rows[0].pe_i_dut        fpnew_fma_FpFormat2_NumPipeRegs2_PipeConfig3_TagTypetype_$unit_1_logic__AuxTypetype_$unit_1_logic__80         1368    4690.080     0.000     4690.080 ZeroWireload (S)  
  gen_columns[10].gen_rows[1].pe_i_dut        fpnew_fma_FpFormat2_NumPipeRegs2_PipeConfig3_TagTypetype_$unit_1_logic__AuxTypetype_$unit_1_logic__81         1546    4719.960     0.000     4719.960 ZeroWireload (S)  
  gen_columns[10].gen_rows[2].pe_i_dut        fpnew_fma_FpFormat2_NumPipeRegs2_PipeConfig3_TagTypetype_$unit_1_logic__AuxTypetype_$unit_1_logic__82         1546    4718.520     0.000     4718.520 ZeroWireload (S)  
  gen_columns[10].gen_rows[3].pe_i_dut        fpnew_fma_FpFormat2_NumPipeRegs2_PipeConfig3_TagTypetype_$unit_1_logic__AuxTypetype_$unit_1_logic__83         1546    4718.520     0.000     4718.520 ZeroWireload (S)  
  gen_columns[10].gen_rows[4].pe_i_dut        fpnew_fma_FpFormat2_NumPipeRegs2_PipeConfig3_TagTypetype_$unit_1_logic__AuxTypetype_$unit_1_logic__84         1546    4718.520     0.000     4718.520 ZeroWireload (S)  
  gen_columns[10].gen_rows[5].pe_i_dut        fpnew_fma_FpFormat2_NumPipeRegs2_PipeConfig3_TagTypetype_$unit_1_logic__AuxTypetype_$unit_1_logic__85         1546    4719.960     0.000     4719.960 ZeroWireload (S)  
  gen_columns[10].gen_rows[6].pe_i_dut        fpnew_fma_FpFormat2_NumPipeRegs2_PipeConfig3_TagTypetype_$unit_1_logic__AuxTypetype_$unit_1_logic__86         1546    4719.960     0.000     4719.960 ZeroWireload (S)  
  gen_columns[11].gen_rows[1].pe_i_dut        fpnew_fma_FpFormat2_NumPipeRegs2_PipeConfig3_TagTypetype_$unit_1_logic__AuxTypetype_$unit_1_logic__89         1543    4722.480     0.000     4722.480 ZeroWireload (S)  
  gen_columns[11].gen_rows[2].pe_i_dut        fpnew_fma_FpFormat2_NumPipeRegs2_PipeConfig3_TagTypetype_$unit_1_logic__AuxTypetype_$unit_1_logic__90         1543    4722.480     0.000     4722.480 ZeroWireload (S)  
  gen_columns[11].gen_rows[3].pe_i_dut        fpnew_fma_FpFormat2_NumPipeRegs2_PipeConfig3_TagTypetype_$unit_1_logic__AuxTypetype_$unit_1_logic__91         1543    4722.480     0.000     4722.480 ZeroWireload (S)  
  gen_columns[11].gen_rows[4].pe_i_dut        fpnew_fma_FpFormat2_NumPipeRegs2_PipeConfig3_TagTypetype_$unit_1_logic__AuxTypetype_$unit_1_logic__92         1543    4722.480     0.000     4722.480 ZeroWireload (S)  
  gen_columns[11].gen_rows[5].pe_i_dut        fpnew_fma_FpFormat2_NumPipeRegs2_PipeConfig3_TagTypetype_$unit_1_logic__AuxTypetype_$unit_1_logic__93         1543    4722.480     0.000     4722.480 ZeroWireload (S)  
  gen_columns[11].gen_rows[6].pe_i_dut        fpnew_fma_FpFormat2_NumPipeRegs2_PipeConfig3_TagTypetype_$unit_1_logic__AuxTypetype_$unit_1_logic__94         1543    4722.480     0.000     4722.480 ZeroWireload (S)  
  gen_columns[11].gen_rows[7].pe_i_dut        fpnew_fma_FpFormat2_NumPipeRegs2_PipeConfig3_TagTypetype_$unit_1_logic__AuxTypetype_$unit_1_logic__95         1382    4685.400     0.000     4685.400 ZeroWireload (S)  
  gen_columns[12].gen_rows[0].pe_i_dut        fpnew_fma_FpFormat2_NumPipeRegs2_PipeConfig3_TagTypetype_$unit_1_logic__AuxTypetype_$unit_1_logic__96         1380    4669.560     0.000     4669.560 ZeroWireload (S)  
  gen_columns[12].gen_rows[1].pe_i_dut        fpnew_fma_FpFormat2_NumPipeRegs2_PipeConfig3_TagTypetype_$unit_1_logic__AuxTypetype_$unit_1_logic__97         1548    4725.000     0.000     4725.000 ZeroWireload (S)  
  gen_columns[12].gen_rows[2].pe_i_dut        fpnew_fma_FpFormat2_NumPipeRegs2_PipeConfig3_TagTypetype_$unit_1_logic__AuxTypetype_$unit_1_logic__98         1548    4725.000     0.000     4725.000 ZeroWireload (S)  
  gen_columns[12].gen_rows[3].pe_i_dut        fpnew_fma_FpFormat2_NumPipeRegs2_PipeConfig3_TagTypetype_$unit_1_logic__AuxTypetype_$unit_1_logic__99         1549    4734.360     0.000     4734.360 ZeroWireload (S)  
  gen_columns[13].gen_rows[7].pe_i_dut        fpnew_fma_FpFormat2_NumPipeRegs2_PipeConfig3_TagTypetype_$unit_1_logic__AuxTypetype_$unit_1_logic__111        1374    4672.080     0.000     4672.080 ZeroWireload (S)  
  gen_columns[14].gen_rows[1].pe_i_dut        fpnew_fma_FpFormat2_NumPipeRegs2_PipeConfig3_TagTypetype_$unit_1_logic__AuxTypetype_$unit_1_logic__113        1525    4729.680     0.000     4729.680 ZeroWireload (S)  
  gen_columns[14].gen_rows[7].pe_i_dut        fpnew_fma_FpFormat2_NumPipeRegs2_PipeConfig3_TagTypetype_$unit_1_logic__AuxTypetype_$unit_1_logic__119        1375    4677.480     0.000     4677.480 ZeroWireload (S)  
  gen_columns[15].gen_rows[0].pe_i_dut        fpnew_fma_FpFormat2_NumPipeRegs2_PipeConfig3_TagTypetype_$unit_1_logic__AuxTypetype_$unit_1_logic__120        1382    4671.720     0.000     4671.720 ZeroWireload (S)  
  gen_columns[15].gen_rows[7].pe_i_dut        fpnew_fma_FpFormat2_NumPipeRegs2_PipeConfig3_TagTypetype_$unit_1_logic__AuxTypetype_$unit_1_logic__127        1381    4685.040     0.000     4685.040 ZeroWireload (S)  
  gen_columns[16].gen_rows[4].pe_i_dut        fpnew_fma_FpFormat2_NumPipeRegs2_PipeConfig3_TagTypetype_$unit_1_logic__AuxTypetype_$unit_1_logic__132        1510    4709.520     0.000     4709.520 ZeroWireload (S)  
  gen_columns[16].gen_rows[5].pe_i_dut        fpnew_fma_FpFormat2_NumPipeRegs2_PipeConfig3_TagTypetype_$unit_1_logic__AuxTypetype_$unit_1_logic__133        1546    4718.520     0.000     4718.520 ZeroWireload (S)  
  gen_columns[16].gen_rows[6].pe_i_dut        fpnew_fma_FpFormat2_NumPipeRegs2_PipeConfig3_TagTypetype_$unit_1_logic__AuxTypetype_$unit_1_logic__134        1546    4718.520     0.000     4718.520 ZeroWireload (S)  
  gen_columns[17].gen_rows[4].pe_i_dut        fpnew_fma_FpFormat2_NumPipeRegs2_PipeConfig3_TagTypetype_$unit_1_logic__AuxTypetype_$unit_1_logic__140        1549    4732.200     0.000     4732.200 ZeroWireload (S)  
  gen_columns[17].gen_rows[5].pe_i_dut        fpnew_fma_FpFormat2_NumPipeRegs2_PipeConfig3_TagTypetype_$unit_1_logic__AuxTypetype_$unit_1_logic__141        1549    4732.200     0.000     4732.200 ZeroWireload (S)  
  gen_columns[17].gen_rows[6].pe_i_dut        fpnew_fma_FpFormat2_NumPipeRegs2_PipeConfig3_TagTypetype_$unit_1_logic__AuxTypetype_$unit_1_logic__142        1549    4732.200     0.000     4732.200 ZeroWireload (S)  
  gen_columns[17].gen_rows[7].pe_i_dut        fpnew_fma_FpFormat2_NumPipeRegs2_PipeConfig3_TagTypetype_$unit_1_logic__AuxTypetype_$unit_1_logic__143        1374    4671.000     0.000     4671.000 ZeroWireload (S)  
  gen_columns[18].gen_rows[0].pe_i_dut        fpnew_fma_FpFormat2_NumPipeRegs2_PipeConfig3_TagTypetype_$unit_1_logic__AuxTypetype_$unit_1_logic__144        1380    4669.560     0.000     4669.560 ZeroWireload (S)  
  gen_columns[18].gen_rows[7].pe_i_dut        fpnew_fma_FpFormat2_NumPipeRegs2_PipeConfig3_TagTypetype_$unit_1_logic__AuxTypetype_$unit_1_logic__151        1375    4677.480     0.000     4677.480 ZeroWireload (S)  
  gen_columns[19].gen_rows[0].pe_i_dut        fpnew_fma_FpFormat2_NumPipeRegs2_PipeConfig3_TagTypetype_$unit_1_logic__AuxTypetype_$unit_1_logic__152        1378    4667.040     0.000     4667.040 ZeroWireload (S)  
  gen_columns[19].gen_rows[7].pe_i_dut        fpnew_fma_FpFormat2_NumPipeRegs2_PipeConfig3_TagTypetype_$unit_1_logic__AuxTypetype_$unit_1_logic__159        1374    4675.320     0.000     4675.320 ZeroWireload (S)  
  gen_columns[1].gen_rows[0].pe_i_dut         fpnew_fma_FpFormat2_NumPipeRegs2_PipeConfig3_TagTypetype_$unit_1_logic__AuxTypetype_$unit_1_logic__8          1366    4681.080     0.000     4681.080 ZeroWireload (S)  
  gen_columns[1].gen_rows[1].pe_i_dut         fpnew_fma_FpFormat2_NumPipeRegs2_PipeConfig3_TagTypetype_$unit_1_logic__AuxTypetype_$unit_1_logic__9          1546    4718.520     0.000     4718.520 ZeroWireload (S)  
  gen_columns[1].gen_rows[5].pe_i_dut         fpnew_fma_FpFormat2_NumPipeRegs2_PipeConfig3_TagTypetype_$unit_1_logic__AuxTypetype_$unit_1_logic__13         1546    4718.520     0.000     4718.520 ZeroWireload (S)  
  gen_columns[1].gen_rows[6].pe_i_dut         fpnew_fma_FpFormat2_NumPipeRegs2_PipeConfig3_TagTypetype_$unit_1_logic__AuxTypetype_$unit_1_logic__14         1546    4718.520     0.000     4718.520 ZeroWireload (S)  
  gen_columns[20].gen_rows[7].pe_i_dut        fpnew_fma_FpFormat2_NumPipeRegs2_PipeConfig3_TagTypetype_$unit_1_logic__AuxTypetype_$unit_1_logic__167        1382    4684.320     0.000     4684.320 ZeroWireload (S)  
  gen_columns[21].gen_rows[0].pe_i_dut        fpnew_fma_FpFormat2_NumPipeRegs2_PipeConfig3_TagTypetype_$unit_1_logic__AuxTypetype_$unit_1_logic__168        1380    4671.000     0.000     4671.000 ZeroWireload (S)  
  gen_columns[21].gen_rows[7].pe_i_dut        fpnew_fma_FpFormat2_NumPipeRegs2_PipeConfig3_TagTypetype_$unit_1_logic__AuxTypetype_$unit_1_logic__175        1381    4685.040     0.000     4685.040 ZeroWireload (S)  
  gen_columns[22].gen_rows[0].pe_i_dut        fpnew_fma_FpFormat2_NumPipeRegs2_PipeConfig3_TagTypetype_$unit_1_logic__AuxTypetype_$unit_1_logic__176        1378    4672.080     0.000     4672.080 ZeroWireload (S)  
  gen_columns[22].gen_rows[4].pe_i_dut        fpnew_fma_FpFormat2_NumPipeRegs2_PipeConfig3_TagTypetype_$unit_1_logic__AuxTypetype_$unit_1_logic__180        1548    4723.920     0.000     4723.920 ZeroWireload (S)  
  gen_columns[22].gen_rows[5].pe_i_dut        fpnew_fma_FpFormat2_NumPipeRegs2_PipeConfig3_TagTypetype_$unit_1_logic__AuxTypetype_$unit_1_logic__181        1548    4723.920     0.000     4723.920 ZeroWireload (S)  
  gen_columns[22].gen_rows[6].pe_i_dut        fpnew_fma_FpFormat2_NumPipeRegs2_PipeConfig3_TagTypetype_$unit_1_logic__AuxTypetype_$unit_1_logic__182        1548    4723.920     0.000     4723.920 ZeroWireload (S)  
  gen_columns[22].gen_rows[7].pe_i_dut        fpnew_fma_FpFormat2_NumPipeRegs2_PipeConfig3_TagTypetype_$unit_1_logic__AuxTypetype_$unit_1_logic__183        1375    4677.480     0.000     4677.480 ZeroWireload (S)  
  gen_columns[23].gen_rows[0].pe_i_dut        fpnew_fma_FpFormat2_NumPipeRegs2_PipeConfig3_TagTypetype_$unit_1_logic__AuxTypetype_$unit_1_logic__184        1380    4671.000     0.000     4671.000 ZeroWireload (S)  
  gen_columns[23].gen_rows[6].pe_i_dut        fpnew_fma_FpFormat2_NumPipeRegs2_PipeConfig3_TagTypetype_$unit_1_logic__AuxTypetype_$unit_1_logic__190        1520    4699.440     0.000     4699.440 ZeroWireload (S)  
  gen_columns[23].gen_rows[7].pe_i_dut        fpnew_fma_FpFormat2_NumPipeRegs2_PipeConfig3_TagTypetype_$unit_1_logic__AuxTypetype_$unit_1_logic__191        1381    4685.040     0.000     4685.040 ZeroWireload (S)  
  gen_columns[24].gen_rows[0].pe_i_dut        fpnew_fma_FpFormat2_NumPipeRegs2_PipeConfig3_TagTypetype_$unit_1_logic__AuxTypetype_$unit_1_logic__192        1386    4716.360     0.000     4716.360 ZeroWireload (S)  
  gen_columns[24].gen_rows[6].pe_i_dut        fpnew_fma_FpFormat2_NumPipeRegs2_PipeConfig3_TagTypetype_$unit_1_logic__AuxTypetype_$unit_1_logic__198        1539    4704.840     0.000     4704.840 ZeroWireload (S)  
  gen_columns[25].gen_rows[0].pe_i_dut        fpnew_fma_FpFormat2_NumPipeRegs2_PipeConfig3_TagTypetype_$unit_1_logic__AuxTypetype_$unit_1_logic__200        1380    4669.560     0.000     4669.560 ZeroWireload (S)  
  gen_columns[25].gen_rows[1].pe_i_dut        fpnew_fma_FpFormat2_NumPipeRegs2_PipeConfig3_TagTypetype_$unit_1_logic__AuxTypetype_$unit_1_logic__201        1548    4725.000     0.000     4725.000 ZeroWireload (S)  
  gen_columns[25].gen_rows[2].pe_i_dut        fpnew_fma_FpFormat2_NumPipeRegs2_PipeConfig3_TagTypetype_$unit_1_logic__AuxTypetype_$unit_1_logic__202        1548    4725.000     0.000     4725.000 ZeroWireload (S)  
  gen_columns[25].gen_rows[3].pe_i_dut        fpnew_fma_FpFormat2_NumPipeRegs2_PipeConfig3_TagTypetype_$unit_1_logic__AuxTypetype_$unit_1_logic__203        1548    4725.000     0.000     4725.000 ZeroWireload (S)  
  gen_columns[25].gen_rows[4].pe_i_dut        fpnew_fma_FpFormat2_NumPipeRegs2_PipeConfig3_TagTypetype_$unit_1_logic__AuxTypetype_$unit_1_logic__204        1548    4725.000     0.000     4725.000 ZeroWireload (S)  
  gen_columns[25].gen_rows[5].pe_i_dut        fpnew_fma_FpFormat2_NumPipeRegs2_PipeConfig3_TagTypetype_$unit_1_logic__AuxTypetype_$unit_1_logic__205        1548    4725.000     0.000     4725.000 ZeroWireload (S)  
  gen_columns[25].gen_rows[6].pe_i_dut        fpnew_fma_FpFormat2_NumPipeRegs2_PipeConfig3_TagTypetype_$unit_1_logic__AuxTypetype_$unit_1_logic__206        1548    4725.000     0.000     4725.000 ZeroWireload (S)  
  gen_columns[25].gen_rows[7].pe_i_dut        fpnew_fma_FpFormat2_NumPipeRegs2_PipeConfig3_TagTypetype_$unit_1_logic__AuxTypetype_$unit_1_logic__207        1375    4677.480     0.000     4677.480 ZeroWireload (S)  
  gen_columns[26].gen_rows[0].pe_i_dut        fpnew_fma_FpFormat2_NumPipeRegs2_PipeConfig3_TagTypetype_$unit_1_logic__AuxTypetype_$unit_1_logic__208        1382    4671.720     0.000     4671.720 ZeroWireload (S)  
  gen_columns[26].gen_rows[2].pe_i_dut        fpnew_fma_FpFormat2_NumPipeRegs2_PipeConfig3_TagTypetype_$unit_1_logic__AuxTypetype_$unit_1_logic__210        1543    4722.480     0.000     4722.480 ZeroWireload (S)  
  gen_columns[26].gen_rows[3].pe_i_dut        fpnew_fma_FpFormat2_NumPipeRegs2_PipeConfig3_TagTypetype_$unit_1_logic__AuxTypetype_$unit_1_logic__211        1543    4722.480     0.000     4722.480 ZeroWireload (S)  
  gen_columns[26].gen_rows[4].pe_i_dut        fpnew_fma_FpFormat2_NumPipeRegs2_PipeConfig3_TagTypetype_$unit_1_logic__AuxTypetype_$unit_1_logic__212        1543    4722.480     0.000     4722.480 ZeroWireload (S)  
  gen_columns[26].gen_rows[5].pe_i_dut        fpnew_fma_FpFormat2_NumPipeRegs2_PipeConfig3_TagTypetype_$unit_1_logic__AuxTypetype_$unit_1_logic__213        1543    4722.480     0.000     4722.480 ZeroWireload (S)  
  gen_columns[26].gen_rows[6].pe_i_dut        fpnew_fma_FpFormat2_NumPipeRegs2_PipeConfig3_TagTypetype_$unit_1_logic__AuxTypetype_$unit_1_logic__214        1543    4722.480     0.000     4722.480 ZeroWireload (S)  
  gen_columns[26].gen_rows[7].pe_i_dut        fpnew_fma_FpFormat2_NumPipeRegs2_PipeConfig3_TagTypetype_$unit_1_logic__AuxTypetype_$unit_1_logic__215        1381    4683.960     0.000     4683.960 ZeroWireload (S)  
  gen_columns[27].gen_rows[0].pe_i_dut        fpnew_fma_FpFormat2_NumPipeRegs2_PipeConfig3_TagTypetype_$unit_1_logic__AuxTypetype_$unit_1_logic__216        1380    4671.000     0.000     4671.000 ZeroWireload (S)  
  gen_columns[27].gen_rows[1].pe_i_dut        fpnew_fma_FpFormat2_NumPipeRegs2_PipeConfig3_TagTypetype_$unit_1_logic__AuxTypetype_$unit_1_logic__217        1520    4699.080     0.000     4699.080 ZeroWireload (S)  
  gen_columns[27].gen_rows[2].pe_i_dut        fpnew_fma_FpFormat2_NumPipeRegs2_PipeConfig3_TagTypetype_$unit_1_logic__AuxTypetype_$unit_1_logic__218        1520    4699.080     0.000     4699.080 ZeroWireload (S)  
  gen_columns[27].gen_rows[3].pe_i_dut        fpnew_fma_FpFormat2_NumPipeRegs2_PipeConfig3_TagTypetype_$unit_1_logic__AuxTypetype_$unit_1_logic__219        1520    4699.440     0.000     4699.440 ZeroWireload (S)  
  gen_columns[27].gen_rows[4].pe_i_dut        fpnew_fma_FpFormat2_NumPipeRegs2_PipeConfig3_TagTypetype_$unit_1_logic__AuxTypetype_$unit_1_logic__220        1520    4699.440     0.000     4699.440 ZeroWireload (S)  
  gen_columns[27].gen_rows[5].pe_i_dut        fpnew_fma_FpFormat2_NumPipeRegs2_PipeConfig3_TagTypetype_$unit_1_logic__AuxTypetype_$unit_1_logic__221        1520    4699.440     0.000     4699.440 ZeroWireload (S)  
  gen_columns[27].gen_rows[6].pe_i_dut        fpnew_fma_FpFormat2_NumPipeRegs2_PipeConfig3_TagTypetype_$unit_1_logic__AuxTypetype_$unit_1_logic__222        1520    4699.440     0.000     4699.440 ZeroWireload (S)  
  gen_columns[27].gen_rows[7].pe_i_dut        fpnew_fma_FpFormat2_NumPipeRegs2_PipeConfig3_TagTypetype_$unit_1_logic__AuxTypetype_$unit_1_logic__223        1381    4685.040     0.000     4685.040 ZeroWireload (S)  
  gen_columns[28].gen_rows[0].pe_i_dut        fpnew_fma_FpFormat2_NumPipeRegs2_PipeConfig3_TagTypetype_$unit_1_logic__AuxTypetype_$unit_1_logic__224        1378    4667.040     0.000     4667.040 ZeroWireload (S)  
  gen_columns[28].gen_rows[1].pe_i_dut        fpnew_fma_FpFormat2_NumPipeRegs2_PipeConfig3_TagTypetype_$unit_1_logic__AuxTypetype_$unit_1_logic__225        1549    4731.840     0.000     4731.840 ZeroWireload (S)  
  gen_columns[28].gen_rows[2].pe_i_dut        fpnew_fma_FpFormat2_NumPipeRegs2_PipeConfig3_TagTypetype_$unit_1_logic__AuxTypetype_$unit_1_logic__226        1549    4731.840     0.000     4731.840 ZeroWireload (S)  
  gen_columns[28].gen_rows[3].pe_i_dut        fpnew_fma_FpFormat2_NumPipeRegs2_PipeConfig3_TagTypetype_$unit_1_logic__AuxTypetype_$unit_1_logic__227        1549    4731.840     0.000     4731.840 ZeroWireload (S)  
  gen_columns[28].gen_rows[4].pe_i_dut        fpnew_fma_FpFormat2_NumPipeRegs2_PipeConfig3_TagTypetype_$unit_1_logic__AuxTypetype_$unit_1_logic__228        1549    4733.640     0.000     4733.640 ZeroWireload (S)  
  gen_columns[28].gen_rows[5].pe_i_dut        fpnew_fma_FpFormat2_NumPipeRegs2_PipeConfig3_TagTypetype_$unit_1_logic__AuxTypetype_$unit_1_logic__229        1549    4733.640     0.000     4733.640 ZeroWireload (S)  
  gen_columns[28].gen_rows[6].pe_i_dut        fpnew_fma_FpFormat2_NumPipeRegs2_PipeConfig3_TagTypetype_$unit_1_logic__AuxTypetype_$unit_1_logic__230        1549    4733.640     0.000     4733.640 ZeroWireload (S)  
  gen_columns[28].gen_rows[7].pe_i_dut        fpnew_fma_FpFormat2_NumPipeRegs2_PipeConfig3_TagTypetype_$unit_1_logic__AuxTypetype_$unit_1_logic__231        1374    4674.600     0.000     4674.600 ZeroWireload (S)  
  gen_columns[29].gen_rows[0].pe_i_dut        fpnew_fma_FpFormat2_NumPipeRegs2_PipeConfig3_TagTypetype_$unit_1_logic__AuxTypetype_$unit_1_logic__232        1386    4716.360     0.000     4716.360 ZeroWireload (S)  
  gen_columns[29].gen_rows[1].pe_i_dut        fpnew_fma_FpFormat2_NumPipeRegs2_PipeConfig3_TagTypetype_$unit_1_logic__AuxTypetype_$unit_1_logic__233        1539    4704.480     0.000     4704.480 ZeroWireload (S)  
  gen_columns[29].gen_rows[2].pe_i_dut        fpnew_fma_FpFormat2_NumPipeRegs2_PipeConfig3_TagTypetype_$unit_1_logic__AuxTypetype_$unit_1_logic__234        1539    4704.480     0.000     4704.480 ZeroWireload (S)  
  gen_columns[29].gen_rows[3].pe_i_dut        fpnew_fma_FpFormat2_NumPipeRegs2_PipeConfig3_TagTypetype_$unit_1_logic__AuxTypetype_$unit_1_logic__235        1539    4704.480     0.000     4704.480 ZeroWireload (S)  
  gen_columns[29].gen_rows[4].pe_i_dut        fpnew_fma_FpFormat2_NumPipeRegs2_PipeConfig3_TagTypetype_$unit_1_logic__AuxTypetype_$unit_1_logic__236        1539    4704.480     0.000     4704.480 ZeroWireload (S)  
  gen_columns[29].gen_rows[5].pe_i_dut        fpnew_fma_FpFormat2_NumPipeRegs2_PipeConfig3_TagTypetype_$unit_1_logic__AuxTypetype_$unit_1_logic__237        1539    4704.480     0.000     4704.480 ZeroWireload (S)  
  gen_columns[29].gen_rows[6].pe_i_dut        fpnew_fma_FpFormat2_NumPipeRegs2_PipeConfig3_TagTypetype_$unit_1_logic__AuxTypetype_$unit_1_logic__238        1539    4704.480     0.000     4704.480 ZeroWireload (S)  
  gen_columns[2].gen_rows[0].pe_i_dut         fpnew_fma_FpFormat2_NumPipeRegs2_PipeConfig3_TagTypetype_$unit_1_logic__AuxTypetype_$unit_1_logic__16         1382    4700.880     0.000     4700.880 ZeroWireload (S)  
  gen_columns[2].gen_rows[4].pe_i_dut         fpnew_fma_FpFormat2_NumPipeRegs2_PipeConfig3_TagTypetype_$unit_1_logic__AuxTypetype_$unit_1_logic__20         1539    4704.480     0.000     4704.480 ZeroWireload (S)  
  gen_columns[2].gen_rows[5].pe_i_dut         fpnew_fma_FpFormat2_NumPipeRegs2_PipeConfig3_TagTypetype_$unit_1_logic__AuxTypetype_$unit_1_logic__21         1539    4704.480     0.000     4704.480 ZeroWireload (S)  
  gen_columns[2].gen_rows[6].pe_i_dut         fpnew_fma_FpFormat2_NumPipeRegs2_PipeConfig3_TagTypetype_$unit_1_logic__AuxTypetype_$unit_1_logic__22         1539    4704.480     0.000     4704.480 ZeroWireload (S)  
  gen_columns[30].gen_rows[0].pe_i_dut        fpnew_fma_FpFormat2_NumPipeRegs2_PipeConfig3_TagTypetype_$unit_1_logic__AuxTypetype_$unit_1_logic__240        1380    4677.120     0.000     4677.120 ZeroWireload (S)  
  gen_columns[30].gen_rows[7].pe_i_dut        fpnew_fma_FpFormat2_NumPipeRegs2_PipeConfig3_TagTypetype_$unit_1_logic__AuxTypetype_$unit_1_logic__247        1386    4691.880     0.000     4691.880 ZeroWireload (S)  
  gen_columns[31].gen_rows[0].pe_i_dut        fpnew_fma_FpFormat2_NumPipeRegs2_PipeConfig3_TagTypetype_$unit_1_logic__AuxTypetype_$unit_1_logic__248        1377    4669.200     0.000     4669.200 ZeroWireload (S)  
  gen_columns[31].gen_rows[6].pe_i_dut        fpnew_fma_FpFormat2_NumPipeRegs2_PipeConfig3_TagTypetype_$unit_1_logic__AuxTypetype_$unit_1_logic__254        1541    4723.200     0.000     4723.200 ZeroWireload (S)  
  gen_columns[31].gen_rows[7].pe_i_dut        fpnew_fma_FpFormat2_NumPipeRegs2_PipeConfig3_TagTypetype_$unit_1_logic__AuxTypetype_$unit_1_logic__255        1386    4691.160     0.000     4691.160 ZeroWireload (S)  
  gen_columns[3].gen_rows[0].pe_i_dut         fpnew_fma_FpFormat2_NumPipeRegs2_PipeConfig3_TagTypetype_$unit_1_logic__AuxTypetype_$unit_1_logic__24         1386    4714.560     0.000     4714.560 ZeroWireload (S)  
  gen_columns[3].gen_rows[1].pe_i_dut         fpnew_fma_FpFormat2_NumPipeRegs2_PipeConfig3_TagTypetype_$unit_1_logic__AuxTypetype_$unit_1_logic__25         1539    4704.480     0.000     4704.480 ZeroWireload (S)  
  gen_columns[3].gen_rows[2].pe_i_dut         fpnew_fma_FpFormat2_NumPipeRegs2_PipeConfig3_TagTypetype_$unit_1_logic__AuxTypetype_$unit_1_logic__26         1539    4704.480     0.000     4704.480 ZeroWireload (S)  
  gen_columns[3].gen_rows[3].pe_i_dut         fpnew_fma_FpFormat2_NumPipeRegs2_PipeConfig3_TagTypetype_$unit_1_logic__AuxTypetype_$unit_1_logic__27         1539    4704.480     0.000     4704.480 ZeroWireload (S)  
  gen_columns[3].gen_rows[4].pe_i_dut         fpnew_fma_FpFormat2_NumPipeRegs2_PipeConfig3_TagTypetype_$unit_1_logic__AuxTypetype_$unit_1_logic__28         1539    4704.480     0.000     4704.480 ZeroWireload (S)  
  gen_columns[3].gen_rows[5].pe_i_dut         fpnew_fma_FpFormat2_NumPipeRegs2_PipeConfig3_TagTypetype_$unit_1_logic__AuxTypetype_$unit_1_logic__29         1539    4704.480     0.000     4704.480 ZeroWireload (S)  
  gen_columns[3].gen_rows[6].pe_i_dut         fpnew_fma_FpFormat2_NumPipeRegs2_PipeConfig3_TagTypetype_$unit_1_logic__AuxTypetype_$unit_1_logic__30         1539    4704.480     0.000     4704.480 ZeroWireload (S)  
  gen_columns[4].gen_rows[1].pe_i_dut         fpnew_fma_FpFormat2_NumPipeRegs2_PipeConfig3_TagTypetype_$unit_1_logic__AuxTypetype_$unit_1_logic__33         1541    4725.360     0.000     4725.360 ZeroWireload (S)  
  gen_columns[4].gen_rows[2].pe_i_dut         fpnew_fma_FpFormat2_NumPipeRegs2_PipeConfig3_TagTypetype_$unit_1_logic__AuxTypetype_$unit_1_logic__34         1541    4725.360     0.000     4725.360 ZeroWireload (S)  
  gen_columns[4].gen_rows[3].pe_i_dut         fpnew_fma_FpFormat2_NumPipeRegs2_PipeConfig3_TagTypetype_$unit_1_logic__AuxTypetype_$unit_1_logic__35         1541    4725.360     0.000     4725.360 ZeroWireload (S)  
  gen_columns[4].gen_rows[4].pe_i_dut         fpnew_fma_FpFormat2_NumPipeRegs2_PipeConfig3_TagTypetype_$unit_1_logic__AuxTypetype_$unit_1_logic__36         1541    4725.360     0.000     4725.360 ZeroWireload (S)  
  gen_columns[4].gen_rows[5].pe_i_dut         fpnew_fma_FpFormat2_NumPipeRegs2_PipeConfig3_TagTypetype_$unit_1_logic__AuxTypetype_$unit_1_logic__37         1541    4725.360     0.000     4725.360 ZeroWireload (S)  
  gen_columns[4].gen_rows[6].pe_i_dut         fpnew_fma_FpFormat2_NumPipeRegs2_PipeConfig3_TagTypetype_$unit_1_logic__AuxTypetype_$unit_1_logic__38         1541    4725.360     0.000     4725.360 ZeroWireload (S)  
  gen_columns[4].gen_rows[7].pe_i_dut         fpnew_fma_FpFormat2_NumPipeRegs2_PipeConfig3_TagTypetype_$unit_1_logic__AuxTypetype_$unit_1_logic__39         1386    4691.880     0.000     4691.880 ZeroWireload (S)  
  gen_columns[5].gen_rows[0].pe_i_dut         fpnew_fma_FpFormat2_NumPipeRegs2_PipeConfig3_TagTypetype_$unit_1_logic__AuxTypetype_$unit_1_logic__40         1368    4688.280     0.000     4688.280 ZeroWireload (S)  
  gen_columns[5].gen_rows[1].pe_i_dut         fpnew_fma_FpFormat2_NumPipeRegs2_PipeConfig3_TagTypetype_$unit_1_logic__AuxTypetype_$unit_1_logic__41         1546    4718.520     0.000     4718.520 ZeroWireload (S)  
  gen_columns[5].gen_rows[2].pe_i_dut         fpnew_fma_FpFormat2_NumPipeRegs2_PipeConfig3_TagTypetype_$unit_1_logic__AuxTypetype_$unit_1_logic__42         1546    4718.520     0.000     4718.520 ZeroWireload (S)  
  gen_columns[5].gen_rows[3].pe_i_dut         fpnew_fma_FpFormat2_NumPipeRegs2_PipeConfig3_TagTypetype_$unit_1_logic__AuxTypetype_$unit_1_logic__43         1546    4718.520     0.000     4718.520 ZeroWireload (S)  
  gen_columns[5].gen_rows[4].pe_i_dut         fpnew_fma_FpFormat2_NumPipeRegs2_PipeConfig3_TagTypetype_$unit_1_logic__AuxTypetype_$unit_1_logic__44         1546    4718.520     0.000     4718.520 ZeroWireload (S)  
  gen_columns[5].gen_rows[5].pe_i_dut         fpnew_fma_FpFormat2_NumPipeRegs2_PipeConfig3_TagTypetype_$unit_1_logic__AuxTypetype_$unit_1_logic__45         1546    4718.520     0.000     4718.520 ZeroWireload (S)  
  gen_columns[5].gen_rows[6].pe_i_dut         fpnew_fma_FpFormat2_NumPipeRegs2_PipeConfig3_TagTypetype_$unit_1_logic__AuxTypetype_$unit_1_logic__46         1546    4718.520     0.000     4718.520 ZeroWireload (S)  
  gen_columns[6].gen_rows[0].pe_i_dut         fpnew_fma_FpFormat2_NumPipeRegs2_PipeConfig3_TagTypetype_$unit_1_logic__AuxTypetype_$unit_1_logic__48         1377    4671.360     0.000     4671.360 ZeroWireload (S)  
  gen_columns[6].gen_rows[1].pe_i_dut         fpnew_fma_FpFormat2_NumPipeRegs2_PipeConfig3_TagTypetype_$unit_1_logic__AuxTypetype_$unit_1_logic__49         1543    4722.840     0.000     4722.840 ZeroWireload (S)  
  gen_columns[6].gen_rows[2].pe_i_dut         fpnew_fma_FpFormat2_NumPipeRegs2_PipeConfig3_TagTypetype_$unit_1_logic__AuxTypetype_$unit_1_logic__50         1543    4722.480     0.000     4722.480 ZeroWireload (S)  
  gen_columns[6].gen_rows[3].pe_i_dut         fpnew_fma_FpFormat2_NumPipeRegs2_PipeConfig3_TagTypetype_$unit_1_logic__AuxTypetype_$unit_1_logic__51         1521    4685.400     0.000     4685.400 ZeroWireload (S)  
  gen_columns[6].gen_rows[4].pe_i_dut         fpnew_fma_FpFormat2_NumPipeRegs2_PipeConfig3_TagTypetype_$unit_1_logic__AuxTypetype_$unit_1_logic__52         1515    4706.280     0.000     4706.280 ZeroWireload (S)  
  gen_columns[6].gen_rows[5].pe_i_dut         fpnew_fma_FpFormat2_NumPipeRegs2_PipeConfig3_TagTypetype_$unit_1_logic__AuxTypetype_$unit_1_logic__53         1546    4718.520     0.000     4718.520 ZeroWireload (S)  
  gen_columns[6].gen_rows[6].pe_i_dut         fpnew_fma_FpFormat2_NumPipeRegs2_PipeConfig3_TagTypetype_$unit_1_logic__AuxTypetype_$unit_1_logic__54         1546    4718.520     0.000     4718.520 ZeroWireload (S)  
  gen_columns[7].gen_rows[1].pe_i_dut         fpnew_fma_FpFormat2_NumPipeRegs2_PipeConfig3_TagTypetype_$unit_1_logic__AuxTypetype_$unit_1_logic__57         1525    4729.680     0.000     4729.680 ZeroWireload (S)  
  gen_columns[7].gen_rows[2].pe_i_dut         fpnew_fma_FpFormat2_NumPipeRegs2_PipeConfig3_TagTypetype_$unit_1_logic__AuxTypetype_$unit_1_logic__58         1517    4681.080     0.000     4681.080 ZeroWireload (S)  
  gen_columns[7].gen_rows[4].pe_i_dut         fpnew_fma_FpFormat2_NumPipeRegs2_PipeConfig3_TagTypetype_$unit_1_logic__AuxTypetype_$unit_1_logic__60         1539    4705.560     0.000     4705.560 ZeroWireload (S)  
  gen_columns[7].gen_rows[5].pe_i_dut         fpnew_fma_FpFormat2_NumPipeRegs2_PipeConfig3_TagTypetype_$unit_1_logic__AuxTypetype_$unit_1_logic__61         1539    4705.560     0.000     4705.560 ZeroWireload (S)  
  gen_columns[7].gen_rows[6].pe_i_dut         fpnew_fma_FpFormat2_NumPipeRegs2_PipeConfig3_TagTypetype_$unit_1_logic__AuxTypetype_$unit_1_logic__62         1539    4705.560     0.000     4705.560 ZeroWireload (S)  
  gen_columns[8].gen_rows[0].pe_i_dut         fpnew_fma_FpFormat2_NumPipeRegs2_PipeConfig3_TagTypetype_$unit_1_logic__AuxTypetype_$unit_1_logic__64         1373    4665.600     0.000     4665.600 ZeroWireload (S)  
  gen_columns[8].gen_rows[1].pe_i_dut         fpnew_fma_FpFormat2_NumPipeRegs2_PipeConfig3_TagTypetype_$unit_1_logic__AuxTypetype_$unit_1_logic__65         1521    4702.680     0.000     4702.680 ZeroWireload (S)  
  gen_columns[8].gen_rows[2].pe_i_dut         fpnew_fma_FpFormat2_NumPipeRegs2_PipeConfig3_TagTypetype_$unit_1_logic__AuxTypetype_$unit_1_logic__66         1519    4700.160     0.000     4700.160 ZeroWireload (S)  
  gen_columns[8].gen_rows[3].pe_i_dut         fpnew_fma_FpFormat2_NumPipeRegs2_PipeConfig3_TagTypetype_$unit_1_logic__AuxTypetype_$unit_1_logic__67         1520    4700.880     0.000     4700.880 ZeroWireload (S)  
  gen_columns[8].gen_rows[4].pe_i_dut         fpnew_fma_FpFormat2_NumPipeRegs2_PipeConfig3_TagTypetype_$unit_1_logic__AuxTypetype_$unit_1_logic__68         1520    4700.880     0.000     4700.880 ZeroWireload (S)  
  gen_columns[8].gen_rows[5].pe_i_dut         fpnew_fma_FpFormat2_NumPipeRegs2_PipeConfig3_TagTypetype_$unit_1_logic__AuxTypetype_$unit_1_logic__69         1520    4700.880     0.000     4700.880 ZeroWireload (S)  
  gen_columns[8].gen_rows[6].pe_i_dut         fpnew_fma_FpFormat2_NumPipeRegs2_PipeConfig3_TagTypetype_$unit_1_logic__AuxTypetype_$unit_1_logic__70         1520    4700.880     0.000     4700.880 ZeroWireload (S)  
  gen_columns[8].gen_rows[7].pe_i_dut         fpnew_fma_FpFormat2_NumPipeRegs2_PipeConfig3_TagTypetype_$unit_1_logic__AuxTypetype_$unit_1_logic__71         1381    4685.040     0.000     4685.040 ZeroWireload (S)  
  gen_columns[9].gen_rows[0].pe_i_dut         fpnew_fma_FpFormat2_NumPipeRegs2_PipeConfig3_TagTypetype_$unit_1_logic__AuxTypetype_$unit_1_logic__72         1378    4667.040     0.000     4667.040 ZeroWireload (S)  
  gen_columns[9].gen_rows[1].pe_i_dut         fpnew_fma_FpFormat2_NumPipeRegs2_PipeConfig3_TagTypetype_$unit_1_logic__AuxTypetype_$unit_1_logic__73         1549    4731.840     0.000     4731.840 ZeroWireload (S)  
  gen_columns[9].gen_rows[2].pe_i_dut         fpnew_fma_FpFormat2_NumPipeRegs2_PipeConfig3_TagTypetype_$unit_1_logic__AuxTypetype_$unit_1_logic__74         1549    4731.840     0.000     4731.840 ZeroWireload (S)  
  gen_columns[9].gen_rows[3].pe_i_dut         fpnew_fma_FpFormat2_NumPipeRegs2_PipeConfig3_TagTypetype_$unit_1_logic__AuxTypetype_$unit_1_logic__75         1549    4731.840     0.000     4731.840 ZeroWireload (S)  
  gen_columns[9].gen_rows[4].pe_i_dut         fpnew_fma_FpFormat2_NumPipeRegs2_PipeConfig3_TagTypetype_$unit_1_logic__AuxTypetype_$unit_1_logic__76         1549    4731.840     0.000     4731.840 ZeroWireload (S)  
  gen_columns[9].gen_rows[5].pe_i_dut         fpnew_fma_FpFormat2_NumPipeRegs2_PipeConfig3_TagTypetype_$unit_1_logic__AuxTypetype_$unit_1_logic__77         1549    4731.840     0.000     4731.840 ZeroWireload (S)  
  gen_columns[9].gen_rows[6].pe_i_dut         fpnew_fma_FpFormat2_NumPipeRegs2_PipeConfig3_TagTypetype_$unit_1_logic__AuxTypetype_$unit_1_logic__78         1549    4731.840     0.000     4731.840 ZeroWireload (S)  
  gen_columns[9].gen_rows[7].pe_i_dut         fpnew_fma_FpFormat2_NumPipeRegs2_PipeConfig3_TagTypetype_$unit_1_logic__AuxTypetype_$unit_1_logic__79         1374    4674.600     0.000     4674.600 ZeroWireload (S)  
  global_buffer_dut_dut                       RAM_SP_AddrWidth7_DataWidth1024_Pipelined0                                                                  233572 1424187.360     0.000  1424187.360 ZeroWireload (S)  
  (S) = wireload was automatically selected
