============================================================
  Generated by:           Genus(TM) Synthesis Solution 23.15-s099_1
  Generated on:           Aug 27 2026  01:07:12 pm
  Module:                 accelerator_sauria_vgg16_float16_ROWS8_COLS32
  Operating conditions:   NCCOM (balanced_tree)
  Wireload mode:          segmented
  Area mode:              timing library
============================================================

                                  
   Gate    Instances     Area        Library    
------------------------------------------------
AN2D0              2        4.320    tcbn65lptc 
AN2D2             88      221.760    tcbn65lptc 
AN2D4             42      181.440    tcbn65lptc 
AN2D8             26      177.840    tcbn65lptc 
AN2XD1          2542     5490.720    tcbn65lptc 
AN3XD1          1639     4130.280    tcbn65lptc 
AN4D0              1        2.880    tcbn65lptc 
AN4D2              1        3.240    tcbn65lptc 
AN4XD1            58      167.040    tcbn65lptc 
AO211D1          602     1733.760    tcbn65lptc 
AO21D1          2094     5276.880    tcbn65lptc 
AO21D2           120      345.600    tcbn65lptc 
AO21D4             1        5.040    tcbn65lptc 
AO221D0          690     2484.000    tcbn65lptc 
AO221D1           12       47.520    tcbn65lptc 
AO222D0            2        8.640    tcbn65lptc 
AO222D1        12096    52254.720    tcbn65lptc 
AO22D0         38958   112199.040    tcbn65lptc 
AO22D1           728     2358.720    tcbn65lptc 
AO31D1           652     1877.760    tcbn65lptc 
AOI211D1         554     1396.080    tcbn65lptc 
AOI211D2           1        4.320    tcbn65lptc 
AOI211XD0         78      196.560    tcbn65lptc 
AOI21D1        10048    21703.680    tcbn65lptc 
AOI21D2          120      388.800    tcbn65lptc 
AOI21D4            2       12.960    tcbn65lptc 
AOI221D0       36956   106433.280    tcbn65lptc 
AOI221D1         242      784.080    tcbn65lptc 
AOI221D2           2       11.520    tcbn65lptc 
AOI222D0        4038    14536.800    tcbn65lptc 
AOI222D1          36      142.560    tcbn65lptc 
AOI22D0            7       17.640    tcbn65lptc 
AOI22D1        84516   212980.320    tcbn65lptc 
AOI22D2          130      561.600    tcbn65lptc 
AOI31D1          664     1673.280    tcbn65lptc 
AOI31D2            3       12.960    tcbn65lptc 
AOI32D1          345      993.600    tcbn65lptc 
AOI33D1            9       29.160    tcbn65lptc 
BMLD1             20      172.800    tcbn65lptc 
BUFFD1          1042     1500.480    tcbn65lptc 
BUFFD16           17      177.480    tcbn65lptc 
BUFFD2           699     1509.840    tcbn65lptc 
BUFFD3             3        7.560    tcbn65lptc 
BUFFD4            20       64.800    tcbn65lptc 
BUFFD6             1        4.320    tcbn65lptc 
BUFFD8            10       57.600    tcbn65lptc 
CKBD0              1        1.440    tcbn65lptc 
CKBD1           4670     6724.800    tcbn65lptc 
CKBD4              7       22.680    tcbn65lptc 
CKMUX2D1          59      212.400    tcbn65lptc 
CKND1          23766    25667.280    tcbn65lptc 
CKND12           188     1150.560    tcbn65lptc 
CKND16          2838    22476.960    tcbn65lptc 
CKND2            818     1177.920    tcbn65lptc 
CKND2D1        16141    23243.040    tcbn65lptc 
CKND2D2           94      236.880    tcbn65lptc 
CKND2D3           75      243.000    tcbn65lptc 
CKND2D8            2       15.840    tcbn65lptc 
CKND3             20       43.200    tcbn65lptc 
CKND4            144      362.880    tcbn65lptc 
CKND6             88      285.120    tcbn65lptc 
CKND8             35      151.200    tcbn65lptc 
CKXOR2D1        1343     4834.800    tcbn65lptc 
CKXOR2D2          22       87.120    tcbn65lptc 
CMPE42D1        1262    20898.719    tcbn65lptc 
DEL005            22       47.520    tcbn65lptc 
DFCND1           157     1356.480    tcbn65lptc 
DFCND2            30      302.400    tcbn65lptc 
DFCNQD1        13224   104734.080    tcbn65lptc 
DFCNQD2          137     1233.000    tcbn65lptc 
DFD1               4       28.800    tcbn65lptc 
DFQD1              8       54.720    tcbn65lptc 
EDFCND1          108     1205.280    tcbn65lptc 
EDFCNQD1         328     3542.400    tcbn65lptc 
FA1D0           9663    86967.000    tcbn65lptc 
FA1D1           1395    14061.600    tcbn65lptc 
FCICIND1         237     1109.160    tcbn65lptc 
FCICOND1           1        3.240    tcbn65lptc 
FICIND1            1       10.440    tcbn65lptc 
IAO21D0           50      126.000    tcbn65lptc 
IAO21D1          858     2162.160    tcbn65lptc 
IAO21D2          253      819.720    tcbn65lptc 
IAO21D4           10       54.000    tcbn65lptc 
IAO22D0            3        9.720    tcbn65lptc 
IAO22D1          284      920.160    tcbn65lptc 
IAO22D2           99      392.040    tcbn65lptc 
IIND4D1          354     1274.400    tcbn65lptc 
IINR4D0          342     1231.200    tcbn65lptc 
IINR4D1           40      201.600    tcbn65lptc 
IND2D1          9206    19884.960    tcbn65lptc 
IND2D2           146      420.480    tcbn65lptc 
IND2D4             2       11.520    tcbn65lptc 
IND3D1          1103     2779.560    tcbn65lptc 
IND3D2             4       17.280    tcbn65lptc 
IND4D1          1050     3024.000    tcbn65lptc 
IND4D2             1        5.760    tcbn65lptc 
INR2D0           190      410.400    tcbn65lptc 
INR2D1          3071     6633.360    tcbn65lptc 
INR2D2            18       51.840    tcbn65lptc 
INR2D4            27      136.080    tcbn65lptc 
INR2XD0         3323     7177.680    tcbn65lptc 
INR2XD1           35      100.800    tcbn65lptc 
INR2XD2            4       18.720    tcbn65lptc 
INR2XD4            2       18.720    tcbn65lptc 
INR3D0          1273     3207.960    tcbn65lptc 
INR3D1            52      187.200    tcbn65lptc 
INR3D2             1        3.960    tcbn65lptc 
INR4D0          1882     5420.160    tcbn65lptc 
INVD0           1452     1568.160    tcbn65lptc 
INVD1          44426    47980.080    tcbn65lptc 
INVD12          1085     6640.200    tcbn65lptc 
INVD16           109      863.280    tcbn65lptc 
INVD2           3471     4998.240    tcbn65lptc 
INVD3           1475     3186.000    tcbn65lptc 
INVD4            636     1602.720    tcbn65lptc 
INVD6           2322     7523.280    tcbn65lptc 
INVD8           1332     5754.240    tcbn65lptc 
IOA21D1         5216    13144.320    tcbn65lptc 
IOA21D2          252      816.480    tcbn65lptc 
MAOI222D0         31       89.280    tcbn65lptc 
MAOI222D1       9237    26602.560    tcbn65lptc 
MAOI22D1       14344    41310.720    tcbn65lptc 
MAOI22D2          31      133.920    tcbn65lptc 
MOAI22D1       17815    51307.200    tcbn65lptc 
MUX2D0          2207     7150.680    tcbn65lptc 
MUX2D1            28      100.800    tcbn65lptc 
MUX2D2            20       79.200    tcbn65lptc 
MUX2ND0         2292     6600.960    tcbn65lptc 
MUX2ND2            1        4.680    tcbn65lptc 
ND2D0             41       59.040    tcbn65lptc 
ND2D1          20065    28893.600    tcbn65lptc 
ND2D2            115      289.800    tcbn65lptc 
ND2D3             65      210.600    tcbn65lptc 
ND2D4             13       56.160    tcbn65lptc 
ND3D1           1357     2931.120    tcbn65lptc 
ND3D2             11       35.640    tcbn65lptc 
ND4D1          22536    56790.720    tcbn65lptc 
ND4D2              2        9.360    tcbn65lptc 
NR2D1          12414    17876.160    tcbn65lptc 
NR2D2            524     1320.480    tcbn65lptc 
NR2D3            179      579.960    tcbn65lptc 
NR2D4             15       64.800    tcbn65lptc 
NR2D8              6       47.520    tcbn65lptc 
NR2XD0         28176    40573.440    tcbn65lptc 
NR2XD1          1018     2565.360    tcbn65lptc 
NR2XD2           227      980.640    tcbn65lptc 
NR2XD3             1        6.120    tcbn65lptc 
NR2XD8             1       15.480    tcbn65lptc 
NR3D0           1122     2423.520    tcbn65lptc 
NR3D1            112      362.880    tcbn65lptc 
NR3D2              2       11.520    tcbn65lptc 
NR4D0           2316     5836.320    tcbn65lptc 
NR4D1            315     1134.000    tcbn65lptc 
OA211D1           34       97.920    tcbn65lptc 
OA21D1          6272    15805.440    tcbn65lptc 
OA21D2           119      342.720    tcbn65lptc 
OA21D4             2       11.520    tcbn65lptc 
OA221D0            8       28.800    tcbn65lptc 
OA221D1            1        3.960    tcbn65lptc 
OA222D1           23       99.360    tcbn65lptc 
OA22D0          2761     7951.680    tcbn65lptc 
OA22D1           268      868.320    tcbn65lptc 
OA22D2             6       23.760    tcbn65lptc 
OA31D1           395     1137.600    tcbn65lptc 
OAI211D1        4866    12262.320    tcbn65lptc 
OAI21D1         6022    13007.520    tcbn65lptc 
OAI21D2          194      628.560    tcbn65lptc 
OAI21D4           61      395.280    tcbn65lptc 
OAI221D0        5021    14460.480    tcbn65lptc 
OAI221D1           5       16.200    tcbn65lptc 
OAI222D0        3769    12211.560    tcbn65lptc 
OAI222D1          42      166.320    tcbn65lptc 
OAI22D1        26028    65590.560    tcbn65lptc 
OAI22D2          249     1075.680    tcbn65lptc 
OAI31D1          252      635.040    tcbn65lptc 
OAI31D2            3       12.960    tcbn65lptc 
OAI32D1          637     1834.560    tcbn65lptc 
OAI32D2            2       10.800    tcbn65lptc 
OAI33D1          141      456.840    tcbn65lptc 
OR2D0             24       51.840    tcbn65lptc 
OR2D1           1829     3950.640    tcbn65lptc 
OR2D2              1        2.520    tcbn65lptc 
OR2D4              5       21.600    tcbn65lptc 
OR2D8              2       13.680    tcbn65lptc 
OR2XD1           950     2052.000    tcbn65lptc 
OR3D1            344      866.880    tcbn65lptc 
OR3XD1           360      907.200    tcbn65lptc 
OR4D1            330      950.400    tcbn65lptc 
OR4XD1            35      100.800    tcbn65lptc 
SDFCNQD1       17525   182961.000    tcbn65lptc 
SDFCNQD4           1       12.240    tcbn65lptc 
SDFQD0        230400  1990656.000    tcbn65lptc 
XNR2D1           661     2379.600    tcbn65lptc 
XNR2D2            39      154.440    tcbn65lptc 
XNR3D1          4194    25667.280    tcbn65lptc 
XNR4D1             5       45.000    tcbn65lptc 
XOR2D1           253      910.800    tcbn65lptc 
XOR2D2            26      102.960    tcbn65lptc 
XOR3D1          3447    21095.640    tcbn65lptc 
XOR3D2             1        6.840    tcbn65lptc 
XOR4D0             2       18.000    tcbn65lptc 
XOR4D1            30      270.000    tcbn65lptc 
------------------------------------------------
total         816548  3706403.039               


                                            
     Type      Instances     Area    Area % 
--------------------------------------------
sequential        261922 2286086.400   61.7 
inverter           84205  131431.320    3.5 
buffer              6492   10118.520    0.3 
logic             463929 1278766.799   34.5 
physical_cells         0       0.000    0.0 
--------------------------------------------
total             816548 3706403.039  100.0 

