============================================================
  Generated by:           Genus(TM) Synthesis Solution 23.15-s099_1
  Generated on:           Aug 27 2026  01:06:22 pm
  Module:                 accelerator_sauria_vgg16_float16_ROWS8_COLS32
  Technology library:     tcbn65lptc 200
  Operating conditions:   NCCOM (balanced_tree)
  Wireload mode:          segmented
  Area mode:              timing library
============================================================

Timing
--------

Clock Period 
-------------
clk   5000.0 


  Cost    Critical         Violating 
 Group   Path Slack  TNS     Paths   
-------------------------------------
clk             0.0   0.0          0 
default    No paths   0.0            
-------------------------------------
Total                 0.0          0 

Instance Count
--------------
Leaf Instance Count             816548 
Physical Instance count              0 
Sequential Instance Count       261922 
Combinational Instance Count    554626 
Hierarchical Instance Count        154 

Area
----
Cell Area                          3706403.039
Physical Cell Area                 0.000
Total Cell Area (Cell+Physical)    3706403.039
Net Area                           0.000
Total Area (Cell+Physical+Net)     3706403.039

Max Fanout                         261922 (clk)
Min Fanout                         0 (rst_n)
Average Fanout                     3.3
Terms to net ratio                 4.3679
Terms to instance ratio            4.4529
Runtime                            7249.788246999999 seconds
Elapsed Runtime                    7763 seconds
Genus peak memory usage            9736.11 
Innovus peak memory usage          no_value 
Hostname                           mise-n9-cadence.uab.cat
