============================================================
  Generated by:           Genus(TM) Synthesis Solution 23.15-s099_1
  Generated on:           Aug 23 2026  10:15:13 pm
  Module:                 accelerator_eyerissv3_int16_ROWS8_COLS32
  Technology library:     tcbn65lptc 200
  Operating conditions:   NCCOM (balanced_tree)
  Wireload mode:          segmented
  Area mode:              timing library
============================================================


 Clock Description
 ----------------- 

 Clock                            Clock    Source     No of   
 Name    Period  Rise    Fall     Domain  Pin/Port  Registers 
--------------------------------------------------------------
 clk     5000.0   0.0   2500.0   domain_1   clk        253717 

 Clock Network Latency / Setup Uncertainty
 ----------------------------------------- 

        Network   Network   Source   Source     Setup        Setup    
Clock   Latency   Latency  Latency  Latency  Uncertainty  Uncertainty 
 Name    Rise      Fall      Rise     Fall       Rise         Fall    
----------------------------------------------------------------------
clk         0.0       0.0      0.0      0.0          0.0          0.0 

 Clock Relationship (with uncertainty & latency)
 ----------------------------------------------- 

  From    To    R->R     R->F     F->R     F->F  
-------------------------------------------------
  clk    clk   5000.0   2500.0   2500.0   5000.0 
