============================================================
  Generated by:           Genus(TM) Synthesis Solution 23.15-s099_1
  Generated on:           Aug 23 2026  11:35:52 pm
  Module:                 accelerator_eyerissv3_int16_ROWS8_COLS32
  Operating conditions:   NCCOM (balanced_tree)
  Wireload mode:          segmented
  Area mode:              timing library
============================================================

                                  
   Gate    Instances     Area        Library    
------------------------------------------------
AN2D2             45      113.400    tcbn65lptc 
AN2D4              1        4.320    tcbn65lptc 
AN2D8             74      506.160    tcbn65lptc 
AN2XD1           741     1600.560    tcbn65lptc 
AN4XD1            31       89.280    tcbn65lptc 
AO21D1           306      771.120    tcbn65lptc 
AO221D0         6678    24040.800    tcbn65lptc 
AO222D0            6       25.920    tcbn65lptc 
AO222D1           33      142.560    tcbn65lptc 
AO222D2          256     1198.080    tcbn65lptc 
AO22D0         15045    43329.600    tcbn65lptc 
AO31D1            45      129.600    tcbn65lptc 
AO33D1           216      855.360    tcbn65lptc 
AOI21D1          561     1211.760    tcbn65lptc 
AOI221D0       17922    51615.360    tcbn65lptc 
AOI222D0       16513    59446.800    tcbn65lptc 
AOI22D0          516     1300.320    tcbn65lptc 
AOI22D1        76042   191625.840    tcbn65lptc 
AOI33D1           43      139.320    tcbn65lptc 
BUFFD16            7       73.080    tcbn65lptc 
BUFFD2           394      851.040    tcbn65lptc 
BUFFD4             9       29.160    tcbn65lptc 
BUFFD6             2        8.640    tcbn65lptc 
BUFFD8            15       86.400    tcbn65lptc 
CKBD1           7786    11211.840    tcbn65lptc 
CKBD4              1        3.240    tcbn65lptc 
CKND1          18160    19612.800    tcbn65lptc 
CKND12            24      146.880    tcbn65lptc 
CKND16          1112     8807.040    tcbn65lptc 
CKND2            467      672.480    tcbn65lptc 
CKND2D1         6680     9619.200    tcbn65lptc 
CKND3              9       19.440    tcbn65lptc 
CKND4            574     1446.480    tcbn65lptc 
CKND6             25       81.000    tcbn65lptc 
CKND8             18       77.760    tcbn65lptc 
CKXOR2D1         345     1242.000    tcbn65lptc 
CMPE42D1        4883    80862.475    tcbn65lptc 
DEL005            68      146.880    tcbn65lptc 
DFCND1          6164    53256.960    tcbn65lptc 
DFCND2             1       10.080    tcbn65lptc 
DFCNQD1         6382    50545.440    tcbn65lptc 
DFD1               2       14.400    tcbn65lptc 
DFQD1              7       47.880    tcbn65lptc 
FA1D0          16158   145422.000    tcbn65lptc 
FA1D1           1014    10221.120    tcbn65lptc 
FCICIND1         184      861.120    tcbn65lptc 
IAO21D0           16       40.320    tcbn65lptc 
IAO21D1          129      325.080    tcbn65lptc 
IAO22D0          158      511.920    tcbn65lptc 
IND2D1          3231     6978.960    tcbn65lptc 
IND2D2            10       28.800    tcbn65lptc 
IND3D1             3        7.560    tcbn65lptc 
INR2D1           611     1319.760    tcbn65lptc 
INR2XD0         5247    11333.520    tcbn65lptc 
INR2XD1            1        2.880    tcbn65lptc 
INR2XD2            3       14.040    tcbn65lptc 
INR2XD4            2       18.720    tcbn65lptc 
INR3D0             1        2.520    tcbn65lptc 
INVD0           1650     1782.000    tcbn65lptc 
INVD1          37629    40639.320    tcbn65lptc 
INVD12            73      446.760    tcbn65lptc 
INVD16            38      300.960    tcbn65lptc 
INVD2           1651     2377.440    tcbn65lptc 
INVD3           1077     2326.320    tcbn65lptc 
INVD4            657     1655.640    tcbn65lptc 
INVD6           4038    13083.120    tcbn65lptc 
INVD8           1255     5421.600    tcbn65lptc 
IOA21D0            6       15.120    tcbn65lptc 
IOA21D1        15388    38777.760    tcbn65lptc 
IOA22D1           42      136.080    tcbn65lptc 
MAOI222D0       1386     3991.680    tcbn65lptc 
MAOI222D1      11525    33192.000    tcbn65lptc 
MAOI22D1        3907    11252.160    tcbn65lptc 
MOAI22D1       15441    44470.080    tcbn65lptc 
MUX2D0            41      132.840    tcbn65lptc 
MUX2D1             1        3.600    tcbn65lptc 
MUX2ND0         1744     5022.720    tcbn65lptc 
ND2D0              1        1.440    tcbn65lptc 
ND2D1          13240    19065.600    tcbn65lptc 
ND2D2           4110    10357.200    tcbn65lptc 
ND2D3              1        3.240    tcbn65lptc 
ND2D4              2        8.640    tcbn65lptc 
ND3D1             59      127.440    tcbn65lptc 
ND4D1          21882    55142.640    tcbn65lptc 
NR2D1           3140     4521.600    tcbn65lptc 
NR2D2             26       65.520    tcbn65lptc 
NR2D4              5       21.600    tcbn65lptc 
NR2XD0          1981     2852.640    tcbn65lptc 
NR2XD1             2        5.040    tcbn65lptc 
NR2XD8             1       15.480    tcbn65lptc 
NR3D0             10       21.600    tcbn65lptc 
NR4D0            429     1081.080    tcbn65lptc 
OA211D1           30       86.400    tcbn65lptc 
OA21D1           963     2426.760    tcbn65lptc 
OA221D0          272      979.200    tcbn65lptc 
OA22D0          3195     9201.600    tcbn65lptc 
OA22D1             1        3.240    tcbn65lptc 
OA31D1            66      190.080    tcbn65lptc 
OA33D1            61      241.560    tcbn65lptc 
OAI211D1        1099     2769.480    tcbn65lptc 
OAI21D1         1643     3548.880    tcbn65lptc 
OAI21D4            1        6.480    tcbn65lptc 
OAI221D0        8502    24485.760    tcbn65lptc 
OAI222D0         632     2047.680    tcbn65lptc 
OAI22D0          184      463.680    tcbn65lptc 
OAI22D1        17612    44382.240    tcbn65lptc 
OAI31D1           96      241.920    tcbn65lptc 
OR2D0              7       15.120    tcbn65lptc 
OR2D1            321      693.360    tcbn65lptc 
OR2D2              2        5.040    tcbn65lptc 
OR2D8             65      444.600    tcbn65lptc 
OR2XD1          2557     5523.120    tcbn65lptc 
OR3D1              6       15.120    tcbn65lptc 
OR3XD1            81      204.120    tcbn65lptc 
OR4XD1           128      368.640    tcbn65lptc 
SDFCNQD1        9233    96392.520    tcbn65lptc 
SDFQD0        229632  1984020.480    tcbn65lptc 
XNR2D1           983     3538.800    tcbn65lptc 
XNR3D1          4864    29767.680    tcbn65lptc 
XOR2D1           233      838.800    tcbn65lptc 
XOR3D0            22      134.640    tcbn65lptc 
XOR3D1          5344    32705.280    tcbn65lptc 
------------------------------------------------
total         645250  3338167.315               


                                            
     Type      Instances     Area    Area % 
--------------------------------------------
sequential        251421 2184287.760   65.4 
inverter           68457   98897.040    3.0 
buffer              8282   12410.280    0.4 
logic             317090 1042572.235   31.2 
physical_cells         0       0.000    0.0 
--------------------------------------------
total             645250 3338167.315  100.0 

