============================================================
  Generated by:           Genus(TM) Synthesis Solution 23.15-s099_1
  Generated on:           Aug 23 2026  11:35:10 pm
  Module:                 accelerator_eyerissv3_int16_ROWS8_COLS32
  Technology library:     tcbn65lptc 200
  Operating conditions:   NCCOM (balanced_tree)
  Wireload mode:          segmented
  Area mode:              timing library
============================================================

Timing
--------

Clock Period 
-------------
clk   5000.0 


  Cost    Critical         Violating 
 Group   Path Slack  TNS     Paths   
-------------------------------------
clk             0.9   0.0          0 
default    No paths   0.0            
-------------------------------------
Total                 0.0          0 

Instance Count
--------------
Leaf Instance Count             645250 
Physical Instance count              0 
Sequential Instance Count       251421 
Combinational Instance Count    393829 
Hierarchical Instance Count          0 

Area
----
Cell Area                          3338167.315
Physical Cell Area                 0.000
Total Cell Area (Cell+Physical)    3338167.315
Net Area                           0.000
Total Area (Cell+Physical+Net)     3338167.315

Max Fanout                         251421 (clk)
Min Fanout                         0 (rst_n)
Average Fanout                     3.3
Terms to net ratio                 4.3369
Terms to instance ratio            4.5731
Runtime                            5010.589352999997 seconds
Elapsed Runtime                    4853 seconds
Genus peak memory usage            8386.53 
Innovus peak memory usage          no_value 
Hostname                           mise-n9-cadence.uab.cat
