============================================================
  Generated by:           Genus(TM) Synthesis Solution 23.15-s099_1
  Generated on:           Aug 23 2026  01:54:00 pm
  Module:                 accelerator_eyerissv2_int8_ROWS8_COLS32
  Operating conditions:   NCCOM (balanced_tree)
  Wireload mode:          segmented
  Area mode:              timing library
============================================================

                                 
  Gate    Instances     Area        Library    
-----------------------------------------------
AN2D2            54      136.080    tcbn65lptc 
AN2D4           103      444.960    tcbn65lptc 
AN2D8           111      759.240    tcbn65lptc 
AN2XD1         1491     3220.560    tcbn65lptc 
AN3XD1            1        2.520    tcbn65lptc 
AO21D1          768     1935.360    tcbn65lptc 
AO222D1           8       34.560    tcbn65lptc 
AO22D0        23808    68567.040    tcbn65lptc 
AOI21D1         513     1108.080    tcbn65lptc 
AOI221D0      19968    57507.840    tcbn65lptc 
AOI22D1       32768    82575.360    tcbn65lptc 
BUFFD16          10      104.400    tcbn65lptc 
BUFFD2          672     1451.520    tcbn65lptc 
BUFFD4           98      317.520    tcbn65lptc 
BUFFD6            3       12.960    tcbn65lptc 
BUFFD8           40      230.400    tcbn65lptc 
CKAN2D4          13       42.120    tcbn65lptc 
CKAN2D8           9       55.080    tcbn65lptc 
CKBD1           968     1393.920    tcbn65lptc 
CKBD4             9       29.160    tcbn65lptc 
CKND0             2        2.160    tcbn65lptc 
CKND1          1281     1383.480    tcbn65lptc 
CKND12          160      979.200    tcbn65lptc 
CKND16          570     4514.400    tcbn65lptc 
CKND2           712     1025.280    tcbn65lptc 
CKND2D1        1820     2620.800    tcbn65lptc 
CKND2D2           4       10.080    tcbn65lptc 
CKND2D8           3       23.760    tcbn65lptc 
CKND3            18       38.880    tcbn65lptc 
CKND4           383      965.160    tcbn65lptc 
CKND6           694     2248.560    tcbn65lptc 
CKND8            24      103.680    tcbn65lptc 
CMPE42D1       1536    25436.158    tcbn65lptc 
DEL005          181      390.960    tcbn65lptc 
DFCND1         4864    42024.960    tcbn65lptc 
DFCNQD1        3330    26373.600    tcbn65lptc 
DFD1              3       21.600    tcbn65lptc 
DFQD1             6       41.040    tcbn65lptc 
DFXQD1           92      828.000    tcbn65lptc 
FA1D0         11520   103680.000    tcbn65lptc 
IAO21D1        1280     3225.600    tcbn65lptc 
IND2D1           62      133.920    tcbn65lptc 
INR2D1          525     1134.000    tcbn65lptc 
INR2XD0          11       23.760    tcbn65lptc 
INR2XD2           4       18.720    tcbn65lptc 
INR2XD4           2       18.720    tcbn65lptc 
INR3D0            1        2.520    tcbn65lptc 
INVD0           512      552.960    tcbn65lptc 
INVD1          7359     7947.720    tcbn65lptc 
INVD12          332     2031.840    tcbn65lptc 
INVD16           59      467.280    tcbn65lptc 
INVD2          2946     4242.240    tcbn65lptc 
INVD3          1369     2957.040    tcbn65lptc 
INVD4           482     1214.640    tcbn65lptc 
INVD6          1140     3693.600    tcbn65lptc 
INVD8           461     1991.520    tcbn65lptc 
IOA21D1         512     1290.240    tcbn65lptc 
MOAI22D1       1016     2926.080    tcbn65lptc 
MUX2D0          512     1658.880    tcbn65lptc 
MUX2ND0        7176    20666.880    tcbn65lptc 
ND2D1          3383     4871.520    tcbn65lptc 
ND2D3             3        9.720    tcbn65lptc 
ND2D4             2        8.640    tcbn65lptc 
ND4D1         11192    28203.840    tcbn65lptc 
NR2D1           845     1216.800    tcbn65lptc 
NR2D2            19       47.880    tcbn65lptc 
NR2D3             8       25.920    tcbn65lptc 
NR2D4             7       30.240    tcbn65lptc 
NR2D8            26      205.920    tcbn65lptc 
NR2XD0        13489    19424.160    tcbn65lptc 
NR2XD1            3        7.560    tcbn65lptc 
NR2XD3           13       79.560    tcbn65lptc 
NR3D0             1        2.160    tcbn65lptc 
NR4D0          1248     3144.960    tcbn65lptc 
OA21D1          256      645.120    tcbn65lptc 
OAI21D1         768     1658.880    tcbn65lptc 
OAI22D1        3328     8386.560    tcbn65lptc 
OAI31D1         256      645.120    tcbn65lptc 
OR2D0             1        2.160    tcbn65lptc 
OR2D1           258      557.280    tcbn65lptc 
OR2D2             1        2.520    tcbn65lptc 
OR2D4             1        4.320    tcbn65lptc 
OR2D8             1        6.840    tcbn65lptc 
OR2XD1           19       41.040    tcbn65lptc 
SDFCNQD1         10      104.400    tcbn65lptc 
SDFQD0       115108   994533.120    tcbn65lptc 
XOR3D0          256     1566.720    tcbn65lptc 
-----------------------------------------------
total        284881  1554271.558               


                                            
     Type      Instances     Area    Area % 
--------------------------------------------
sequential        123413 1063926.720   68.5 
inverter           18504   36359.640    2.3 
buffer              1981    3930.840    0.3 
logic             140983  450054.358   29.0 
physical_cells         0       0.000    0.0 
--------------------------------------------
total             284881 1554271.558  100.0 

