============================================================
  Generated by:           Genus(TM) Synthesis Solution 23.15-s099_1
  Generated on:           Aug 23 2026  01:53:40 pm
  Module:                 accelerator_eyerissv2_int8_ROWS8_COLS32
  Technology library:     tcbn65lptc 200
  Operating conditions:   NCCOM (balanced_tree)
  Wireload mode:          segmented
  Area mode:              timing library
============================================================

Timing
--------

Clock Period 
-------------
clk   5000.0 


  Cost    Critical         Violating 
 Group   Path Slack  TNS     Paths   
-------------------------------------
clk          1058.1   0.0          0 
default    No paths   0.0            
-------------------------------------
Total                 0.0          0 

Instance Count
--------------
Leaf Instance Count             284881 
Physical Instance count              0 
Sequential Instance Count       123413 
Combinational Instance Count    161468 
Hierarchical Instance Count          0 

Area
----
Cell Area                          1554271.558
Physical Cell Area                 0.000
Total Cell Area (Cell+Physical)    1554271.558
Net Area                           0.000
Total Area (Cell+Physical+Net)     1554271.558

Max Fanout                         123413 (clk)
Min Fanout                         0 (rst_n)
Average Fanout                     3.3
Terms to net ratio                 4.3496
Terms to instance ratio            4.6601
Runtime                            3072.8122590000003 seconds
Elapsed Runtime                    3126 seconds
Genus peak memory usage            4401.72 
Innovus peak memory usage          no_value 
Hostname                           mise-n9-cadence.uab.cat
