============================================================
  Generated by:           Genus(TM) Synthesis Solution 23.15-s099_1
  Generated on:           Aug 23 2026  12:53:17 am
  Module:                 accelerator_alexnet_v2_int16_ROWS8_COLS32
  Operating conditions:   NCCOM (balanced_tree)
  Wireload mode:          segmented
  Area mode:              timing library
============================================================

                                  
   Gate    Instances     Area        Library    
------------------------------------------------
AN2D1             22       47.520    tcbn65lptc 
AN2D2             12       30.240    tcbn65lptc 
AN2D8             71      485.640    tcbn65lptc 
AN2XD1           688     1486.080    tcbn65lptc 
AN3XD1             7       17.640    tcbn65lptc 
AO21D1           317      798.840    tcbn65lptc 
AO222D1            8       34.560    tcbn65lptc 
AO222D2          256     1198.080    tcbn65lptc 
AO22D0         10397    29943.360    tcbn65lptc 
AO31D1            28       80.640    tcbn65lptc 
AO33D1           169      669.240    tcbn65lptc 
AOI21D1          697     1505.520    tcbn65lptc 
AOI221D0        9830    28310.400    tcbn65lptc 
AOI22D0          329      829.080    tcbn65lptc 
AOI22D1        47687   120171.240    tcbn65lptc 
AOI33D1           34      110.160    tcbn65lptc 
BUFFD16            8       83.520    tcbn65lptc 
BUFFD2           980     2116.800    tcbn65lptc 
BUFFD4             4       12.960    tcbn65lptc 
BUFFD8             6       34.560    tcbn65lptc 
CKAN2D1            2        4.320    tcbn65lptc 
CKAN2D2            1        2.520    tcbn65lptc 
CKBD1            580      835.200    tcbn65lptc 
CKBD4              3        9.720    tcbn65lptc 
CKND1           7494     8093.520    tcbn65lptc 
CKND12            74      452.880    tcbn65lptc 
CKND16          1157     9163.440    tcbn65lptc 
CKND2           1218     1753.920    tcbn65lptc 
CKND2D1         2553     3676.320    tcbn65lptc 
CKND3             23       49.680    tcbn65lptc 
CKND4            364      917.280    tcbn65lptc 
CKND6             45      145.800    tcbn65lptc 
CKND8             17       73.440    tcbn65lptc 
CKXOR2D1         357     1285.200    tcbn65lptc 
CMPE42D1        4881    80829.355    tcbn65lptc 
DEL005            29       62.640    tcbn65lptc 
DFCND1          5983    51693.120    tcbn65lptc 
DFCND2             1       10.080    tcbn65lptc 
DFCNQD1         6563    51978.960    tcbn65lptc 
DFD1               7       50.400    tcbn65lptc 
DFQD1              2       13.680    tcbn65lptc 
FA1D0          16887   151983.000    tcbn65lptc 
FA1D1            660     6652.800    tcbn65lptc 
FCICIND1         145      678.600    tcbn65lptc 
IAO21D0           40      100.800    tcbn65lptc 
IAO21D1          321      808.920    tcbn65lptc 
IAO22D0          118      382.320    tcbn65lptc 
IND2D1          2705     5842.800    tcbn65lptc 
IND2D4             1        5.760    tcbn65lptc 
INR2D1           486     1049.760    tcbn65lptc 
INR2XD0         5237    11311.920    tcbn65lptc 
INR2XD2            3       14.040    tcbn65lptc 
INR2XD4            3       28.080    tcbn65lptc 
INR3D0             2        5.040    tcbn65lptc 
INVD0           1655     1787.400    tcbn65lptc 
INVD1          11404    12316.320    tcbn65lptc 
INVD12           146      893.520    tcbn65lptc 
INVD16            53      419.760    tcbn65lptc 
INVD2           2134     3072.960    tcbn65lptc 
INVD3           1201     2594.160    tcbn65lptc 
INVD4            413     1040.760    tcbn65lptc 
INVD6            737     2387.880    tcbn65lptc 
INVD8           1008     4354.560    tcbn65lptc 
IOA21D0            5       12.600    tcbn65lptc 
IOA21D1         8718    21969.360    tcbn65lptc 
IOA22D1           34      110.160    tcbn65lptc 
MAOI222D0       1434     4129.920    tcbn65lptc 
MAOI222D1      11579    33347.520    tcbn65lptc 
MAOI22D1        3846    11076.480    tcbn65lptc 
MOAI22D1       12811    36895.680    tcbn65lptc 
MUX2D0            90      291.600    tcbn65lptc 
MUX2D1             1        3.600    tcbn65lptc 
MUX2ND0         1562     4498.560    tcbn65lptc 
ND2D1           5873     8457.120    tcbn65lptc 
ND2D2             14       35.280    tcbn65lptc 
ND2D4              1        4.320    tcbn65lptc 
ND3D1              4        8.640    tcbn65lptc 
ND4D1           9004    22690.080    tcbn65lptc 
NR2D1           1977     2846.880    tcbn65lptc 
NR2D4              5       21.600    tcbn65lptc 
NR2D8              4       31.680    tcbn65lptc 
NR2XD0          5201     7489.440    tcbn65lptc 
NR2XD3             1        6.120    tcbn65lptc 
NR2XD8             4       61.920    tcbn65lptc 
NR3D0             10       21.600    tcbn65lptc 
NR4D0            124      312.480    tcbn65lptc 
OA211D1           26       74.880    tcbn65lptc 
OA21D1           745     1877.400    tcbn65lptc 
OA221D0          174      626.400    tcbn65lptc 
OA22D0          2647     7623.360    tcbn65lptc 
OA22D1             1        3.240    tcbn65lptc 
OA31D1            52      149.760    tcbn65lptc 
OA33D1            58      229.680    tcbn65lptc 
OAI211D1         927     2336.040    tcbn65lptc 
OAI21D1         1935     4179.600    tcbn65lptc 
OAI221D0        6688    19261.440    tcbn65lptc 
OAI222D0         480     1555.200    tcbn65lptc 
OAI22D0          149      375.480    tcbn65lptc 
OAI22D1        20441    51511.320    tcbn65lptc 
OAI31D1          240      604.800    tcbn65lptc 
OR2D0             14       30.240    tcbn65lptc 
OR2D1            200      432.000    tcbn65lptc 
OR2D4              1        4.320    tcbn65lptc 
OR2D8             73      499.320    tcbn65lptc 
OR2XD1           575     1242.000    tcbn65lptc 
OR3XD1            62      156.240    tcbn65lptc 
OR4XD1            96      276.480    tcbn65lptc 
SDFCNQD1        9233    96392.520    tcbn65lptc 
SDFQD0         82176   710000.640    tcbn65lptc 
XNR2D1           791     2847.600    tcbn65lptc 
XNR3D1          5038    30832.560    tcbn65lptc 
XOR2D1           241      867.600    tcbn65lptc 
XOR3D0            31      189.720    tcbn65lptc 
XOR3D1          5510    33721.200    tcbn65lptc 
------------------------------------------------
total         349169  1729022.395               


                                            
     Type      Instances     Area    Area % 
--------------------------------------------
sequential        103965  910139.400   52.6 
inverter           29143   49517.280    2.9 
buffer              1610    3155.400    0.2 
logic             214451  766210.315   44.3 
physical_cells         0       0.000    0.0 
--------------------------------------------
total             349169 1729022.395  100.0 

