============================================================
  Generated by:           Genus(TM) Synthesis Solution 23.15-s099_1
  Generated on:           Aug 23 2026  12:52:55 am
  Module:                 accelerator_alexnet_v2_int16_ROWS8_COLS32
  Technology library:     tcbn65lptc 200
  Operating conditions:   NCCOM (balanced_tree)
  Wireload mode:          segmented
  Area mode:              timing library
============================================================

Timing
--------

Clock Period 
-------------
clk   5000.0 


  Cost    Critical         Violating 
 Group   Path Slack  TNS     Paths   
-------------------------------------
clk             0.6   0.0          0 
default    No paths   0.0            
-------------------------------------
Total                 0.0          0 

Instance Count
--------------
Leaf Instance Count             349169 
Physical Instance count              0 
Sequential Instance Count       103965 
Combinational Instance Count    245204 
Hierarchical Instance Count          0 

Area
----
Cell Area                          1729022.395
Physical Cell Area                 0.000
Total Cell Area (Cell+Physical)    1729022.395
Net Area                           0.000
Total Area (Cell+Physical+Net)     1729022.395

Max Fanout                         103965 (clk)
Min Fanout                         0 (rst_n)
Average Fanout                     3.1
Terms to net ratio                 4.1539
Terms to instance ratio            4.5740
Runtime                            3437.3912340000015 seconds
Elapsed Runtime                    3538 seconds
Genus peak memory usage            5012.82 
Innovus peak memory usage          no_value 
Hostname                           mise-n9-cadence.uab.cat
